\BOOKMARK [1][-]{section.1}{\376\377\225\356\230\230\221\315\217\360}{}% 1
\BOOKMARK [2][-]{subsection.1.1}{\376\377\225\356\230\230\200\314\146\157}{section.1}% 2
\BOOKMARK [2][-]{subsection.1.2}{\376\377\227\000\211\201\211\343\121\263\166\204\225\356\230\230}{section.1}% 3
\BOOKMARK [1][-]{section.2}{\376\377\145\160\143\156\164\006\211\343\116\016\140\073\117\123\140\035\215\357}{}% 4
\BOOKMARK [2][-]{subsection.2.1}{\376\377\145\160\143\156\147\145\156\220\116\016\176\323\147\204}{section.2}% 5
\BOOKMARK [2][-]{subsection.2.2}{\376\377\145\160\143\156\230\204\131\004\164\006}{section.2}% 6
\BOOKMARK [2][-]{subsection.2.3}{\376\377\140\073\117\123\136\372\152\041\140\035\215\357}{section.2}% 7
\BOOKMARK [1][-]{section.3}{\376\377\152\041\127\213\120\107\213\276}{}% 8
\BOOKMARK [1][-]{section.4}{\376\377\173\046\123\367\213\364\146\016}{}% 9
\BOOKMARK [1][-]{section.5}{\376\377\225\356\230\230\116\000\166\204\136\372\152\041\116\016\154\102\211\343\377\032\000Y\000\040\147\323\202\162\117\123\155\123\136\246\116\016\133\125\124\150\060\001\000B\000M\000I\000\040\166\204\121\163\174\373\152\041\127\213}{}% 10
\BOOKMARK [2][-]{subsection.5.1}{\376\377\225\356\230\230\122\006\147\220}{section.5}% 11
\BOOKMARK [2][-]{subsection.5.2}{\376\377\227\142\147\177\122\006\211\343}{section.5}% 12
\BOOKMARK [2][-]{subsection.5.3}{\376\377\176\323\147\234\116\016\146\076\204\127\140\047\150\300\232\214}{section.5}% 13
\BOOKMARK [2][-]{subsection.5.4}{\376\377\155\367\124\010\145\110\136\224\121\163\174\373\152\041\127\213}{section.5}% 14
\BOOKMARK [1][-]{section.6}{\376\377\225\356\230\230\116\214\166\204\136\372\152\041\116\016\154\102\211\343\377\032\000B\000M\000I\000\040\122\006\176\304\116\016\147\000\117\163\000\040\000N\000I\000P\000T\000\040\145\366\160\271}{}% 15
\BOOKMARK [2][-]{subsection.6.1}{\376\377\217\276\150\007\145\366\225\364\117\060\213\241}{section.6}% 16
\BOOKMARK [2][-]{subsection.6.2}{\376\377\217\276\150\007\145\366\225\364\116\016\000\040\000B\000M\000I\000\040\166\204\121\163\174\373}{section.6}% 17
\BOOKMARK [2][-]{subsection.6.3}{\376\377\000B\000M\000I\000\040\124\010\164\006\122\006\176\304\116\016\147\000\117\163\145\366\160\271}{section.6}% 18
\BOOKMARK [2][-]{subsection.6.4}{\376\377\150\300\155\113\213\357\135\356\166\204\137\161\124\315}{section.6}% 19
\BOOKMARK [1][-]{section.7}{\376\377\225\356\230\230\116\011\166\204\136\372\152\041\116\016\154\102\211\343\377\032\131\032\176\364\126\340\175\040\122\006\176\304\116\016\147\000\117\163\145\366\160\271}{}% 20
\BOOKMARK [2][-]{subsection.7.1}{\376\377\131\032\176\364\126\340\175\040\122\006\147\220}{section.7}% 21
\BOOKMARK [2][-]{subsection.7.2}{\376\377\131\032\176\364\200\132\174\173\122\006\176\304}{section.7}% 22
\BOOKMARK [2][-]{subsection.7.3}{\376\377\116\016\225\356\230\230\116\214\166\204\133\371\153\324}{section.7}% 23
\BOOKMARK [1][-]{section.8}{\376\377\225\356\230\230\126\333\166\204\136\372\152\041\116\016\154\102\211\343\377\032\131\163\200\316\137\002\136\070\122\044\133\232}{}% 24
\BOOKMARK [2][-]{subsection.8.1}{\376\377\225\356\230\230\122\006\147\220}{section.8}% 25
\BOOKMARK [2][-]{subsection.8.2}{\376\377\122\044\133\232\145\271\154\325}{section.8}% 26
\BOOKMARK [2][-]{subsection.8.3}{\376\377\162\171\137\201\221\315\211\201\140\047}{section.8}% 27
\BOOKMARK [1][-]{section.9}{\376\377\160\165\145\117\136\246\122\006\147\220}{}% 28
\BOOKMARK [2][-]{subsection.9.1}{\376\377\225\356\230\230\116\000\152\041\127\213\213\276\133\232\166\204\172\063\120\145\140\047}{section.9}% 29
\BOOKMARK [2][-]{subsection.9.2}{\376\377\225\356\230\230\116\214\000/\116\011\150\300\155\113\213\357\135\356\166\204\160\165\145\117\136\246}{section.9}% 30
\BOOKMARK [2][-]{subsection.9.3}{\376\377\225\356\230\230\116\011\122\006\176\304\145\271\137\017\166\204\172\063\120\145\140\047}{section.9}% 31
\BOOKMARK [2][-]{subsection.9.4}{\376\377\225\356\230\230\126\333\122\044\133\232\226\010\120\074\166\204\160\165\145\117\136\246}{section.9}% 32
\BOOKMARK [1][-]{section.10}{\376\377\152\041\127\213\213\304\116\367\116\016\143\250\136\177}{}% 33
\BOOKMARK [2][-]{subsection.10.1}{\376\377\152\041\127\213\117\030\160\271}{section.10}% 34
\BOOKMARK [2][-]{subsection.10.2}{\376\377\152\041\127\213\116\015\215\263}{section.10}% 35
\BOOKMARK [2][-]{subsection.10.3}{\376\377\152\041\127\213\143\250\136\177}{section.10}% 36
\BOOKMARK [1][-]{Item.22}{\376\377\123\302\200\003\145\207\163\056}{}% 37
\BOOKMARK [1][-]{Item.22}{\376\377\226\104\137\125\000\040\000A\000\040\150\070\137\303\116\343\170\001}{}% 38
